// Jest Snapshot v1, https://goo.gl/fbAQLP

exports[`InfinityScroll component should renders correctly 1`] = `<Fragment />`;
